
Memory Configuration

Name             Origin             Length             Attributes
flash            0x08000000         0x00020000         xr
sram             0x20000000         0x00005000         xrw
*default*        0x00000000         0xffffffff

Linker script and memory map


.text           0x08000000      0x10c
 *(.vectors*)
 .vectors       0x08000000       0x1c startup.o
                0x08000000                vectors
 *(.text*)
 .text          0x0800001c       0xa8 main.o
                0x0800001c                main
 .text          0x080000c4       0x48 startup.o
                0x080000c4                Reset_Handler
                0x080000d0                NMI_Handler
                0x080000dc                H_Fault_Handler
                0x080000e8                MM_Fault_Handler
                0x080000f4                Bus_Fault
                0x08000100                Usage_Fault_Handler
 *(.rodata)

.glue_7         0x0800010c        0x0
 .glue_7        0x00000000        0x0 linker stubs

.glue_7t        0x0800010c        0x0
 .glue_7t       0x00000000        0x0 linker stubs

.vfp11_veneer   0x0800010c        0x0
 .vfp11_veneer  0x00000000        0x0 linker stubs

.v4_bx          0x0800010c        0x0
 .v4_bx         0x00000000        0x0 linker stubs

.iplt           0x0800010c        0x0
 .iplt          0x00000000        0x0 main.o

.rel.dyn        0x0800010c        0x0
 .rel.iplt      0x00000000        0x0 main.o

.data           0x0800010c        0x4
 *(.data)
 .data          0x0800010c        0x4 main.o
                0x0800010c                R_ODR
 .data          0x08000110        0x0 startup.o

.igot.plt       0x08000110        0x0
 .igot.plt      0x00000000        0x0 main.o

.bss            0x20000000        0x0
 *(.bss)
 .bss           0x20000000        0x0 main.o
 .bss           0x20000000        0x0 startup.o
LOAD main.o
LOAD startup.o
OUTPUT(learn-in-depth_cortex_m3.elf elf32-littlearm)

.debug_info     0x00000000      0x248
 .debug_info    0x00000000      0x12a main.o
 .debug_info    0x0000012a      0x11e startup.o

.debug_abbrev   0x00000000      0x143
 .debug_abbrev  0x00000000       0xd3 main.o
 .debug_abbrev  0x000000d3       0x70 startup.o

.debug_loc      0x00000000      0x140
 .debug_loc     0x00000000       0x38 main.o
 .debug_loc     0x00000038      0x108 startup.o

.debug_aranges  0x00000000       0x40
 .debug_aranges
                0x00000000       0x20 main.o
 .debug_aranges
                0x00000020       0x20 startup.o

.debug_line     0x00000000      0x12a
 .debug_line    0x00000000       0x9b main.o
 .debug_line    0x0000009b       0x8f startup.o

.debug_str      0x00000000      0x151
 .debug_str     0x00000000       0xdd main.o
                                0x11a (size before relaxing)
 .debug_str     0x000000dd       0x74 startup.o
                                0x151 (size before relaxing)

.comment        0x00000000       0x11
 .comment       0x00000000       0x11 main.o
                                 0x12 (size before relaxing)
 .comment       0x00000000       0x12 startup.o

.ARM.attributes
                0x00000000       0x33
 .ARM.attributes
                0x00000000       0x33 main.o
 .ARM.attributes
                0x00000033       0x33 startup.o

.debug_frame    0x00000000       0xe4
 .debug_frame   0x00000000       0x2c main.o
 .debug_frame   0x0000002c       0xb8 startup.o
