
Memory Configuration

Name             Origin             Length             Attributes
flash            0x0000000008000000 0x0000000000020000 xr
sram             0x0000000020000000 0x0000000000005000 xrw
*default*        0x0000000000000000 0xffffffffffffffff

Linker script and memory map


.text           0x0000000008000000      0x18c
 *(.vectors*)
 .vectors       0x0000000008000000       0x1c startup.o
                0x0000000008000000                vectors
 *(.text*)
 .text          0x000000000800001c       0xe4 main.o
                0x000000000800001c                _sbrk
                0x0000000008000078                main
 .text          0x0000000008000100       0x8c startup.o
                0x0000000008000100                NMI_handler
                0x0000000008000100                Bus_fault
                0x0000000008000100                default_handler
                0x0000000008000100                Usage_fault_handler
                0x0000000008000100                MM_fault_handler
                0x0000000008000100                H_fault_handler
                0x000000000800010c                reset_handler
 *(.rodata)
                0x000000000800018c                _E_text = .

.glue_7         0x000000000800018c        0x0
 .glue_7        0x000000000800018c        0x0 linker stubs

.glue_7t        0x000000000800018c        0x0
 .glue_7t       0x000000000800018c        0x0 linker stubs

.vfp11_veneer   0x000000000800018c        0x0
 .vfp11_veneer  0x000000000800018c        0x0 linker stubs

.v4_bx          0x000000000800018c        0x0
 .v4_bx         0x000000000800018c        0x0 linker stubs

.iplt           0x000000000800018c        0x0
 .iplt          0x000000000800018c        0x0 main.o

.rel.dyn        0x000000000800018c        0x0
 .rel.iplt      0x000000000800018c        0x0 main.o

.data           0x0000000020000000        0x4 load address 0x000000000800018c
                0x0000000020000000                _S_DATA = .
 *(.data)
 .data          0x0000000020000000        0x4 main.o
                0x0000000020000000                R_ODR
 .data          0x0000000020000004        0x0 startup.o
 *(.data.*)
                0x0000000020000004                _E_DATA = .

.igot.plt       0x0000000020000004        0x0 load address 0x0000000008000190
 .igot.plt      0x0000000020000004        0x0 main.o

.bss            0x0000000020000004     0x2004 load address 0x0000000008000190
                0x0000000020000004                _S_bss = .
 *(.bss*)
 .bss           0x0000000020000004        0x1 main.o
 .bss           0x0000000020000005        0x0 startup.o
                0x0000000020000008                . = ALIGN (0x4)
 *fill*         0x0000000020000005        0x3 
                0x0000000020000008                _E_bss = .
                0x0000000020001008                . = (. + 0x1000)
 *fill*         0x0000000020000008     0x1000 
                0x0000000020001008                _heap_end = .
                0x0000000020002008                . = (. + 0x1000)
 *fill*         0x0000000020001008     0x1000 
                0x0000000020002008                _stack_top = .
LOAD main.o
LOAD startup.o
OUTPUT(learn-in-depth_cortex_m3.elf elf32-littlearm)

.debug_info     0x0000000000000000      0xc51
 .debug_info    0x0000000000000000      0xac1 main.o
 .debug_info    0x0000000000000ac1      0x190 startup.o

.debug_abbrev   0x0000000000000000      0x2eb
 .debug_abbrev  0x0000000000000000      0x215 main.o
 .debug_abbrev  0x0000000000000215       0xd6 startup.o

.debug_loc      0x0000000000000000      0x110
 .debug_loc     0x0000000000000000       0x94 main.o
 .debug_loc     0x0000000000000094       0x7c startup.o

.debug_aranges  0x0000000000000000       0x40
 .debug_aranges
                0x0000000000000000       0x20 main.o
 .debug_aranges
                0x0000000000000020       0x20 startup.o

.debug_line     0x0000000000000000      0x586
 .debug_line    0x0000000000000000      0x392 main.o
 .debug_line    0x0000000000000392      0x1f4 startup.o

.debug_str      0x0000000000000000      0x5c6
 .debug_str     0x0000000000000000      0x54c main.o
                                        0x5bc (size before relaxing)
 .debug_str     0x000000000000054c       0x7a startup.o
                                        0x1d1 (size before relaxing)

.comment        0x0000000000000000       0x7b
 .comment       0x0000000000000000       0x7b main.o
                                         0x7c (size before relaxing)
 .comment       0x000000000000007b       0x7c startup.o

.ARM.attributes
                0x0000000000000000       0x33
 .ARM.attributes
                0x0000000000000000       0x33 main.o
 .ARM.attributes
                0x0000000000000033       0x33 startup.o

.debug_frame    0x0000000000000000       0xa8
 .debug_frame   0x0000000000000000       0x58 main.o
 .debug_frame   0x0000000000000058       0x50 startup.o
